// Jest Snapshot v1, https://goo.gl/fbAQLP

exports[`exampleFunction Example test 1`] = `"This is the argument given to exampleFunction"`;

exports[`exampleFunction Implementation test 1`] = `
<div class="Source sb-unstyled ">
  <pre class="prismjs">
    <code class="language-jsx"
          style="white-space: pre;"
    >
      <span class="token function">
        exampleFunction
      </span>
      <span class="token punctuation">
        (
      </span>
      <span class="token string">
        'This is the argument given to exampleFunction'
      </span>
      <span class="token punctuation">
        )
      </span>
    </code>
  </pre>
  <button>
    Copy
  </button>
</div>
`;
