// Jest Snapshot v1, https://goo.gl/fbAQLP

exports[`sampleFunction Example test 1`] = `"This is the argument given to sampleFunction"`;

exports[`sampleFunction Implementation test 1`] = `
<div class="Source sb-unstyled ">
  <pre class="prismjs">
    <code class="language-jsx"
          style="white-space: pre;"
    >
      <span class="token function">
        sampleFunction
      </span>
      <span class="token punctuation">
        (
      </span>
      <span class="token string">
        "This is the argument given to sampleFunction"
      </span>
      <span class="token punctuation">
        )
      </span>
      <span class="token punctuation">
        ;
      </span>
    </code>
  </pre>
  <button>
    Copy
  </button>
</div>
`;
